{
  "street": "Le Bas-Monsieur",
  "number": "14.4",
  "unit": "",
  "city": "La Cibourg",
  "district": "",
  "region": "NE",
  "postcode": "2300",
  "lat": 47.133297,
  "long": 6.880736,
  "country_code": "ch"
}