{
  "street": "Geislersgade",
  "number": "4C",
  "unit": "",
  "city": "KÃ¸benhavn S",
  "district": "",
  "region": "Region Hovedstaden",
  "postcode": "2300",
  "lat": 55.66449,
  "long": 12.605487,
  "country_code": "dk"
}