{
  "street": "Geislersgade",
  "number": "1",
  "unit": "3 mf",
  "city": "KÃ¸benhavn S",
  "district": "",
  "region": "Region Hovedstaden",
  "postcode": "2300",
  "lat": 55.664715,
  "long": 12.60577,
  "country_code": "dk"
}