{
  "House": "",
  "Category": "",
  "Near": "",
  "HouseNumber": "2300",
  "Road": "geislersgade",
  "Unit": "3 mf",
  "Level": "",
  "Staircase": "",
  "Entrance": "",
  "PoBox": "",
  "Postcode": "",
  "Suburb": "",
  "CityDistrict": "",
  "City": "",
  "Island": "",
  "StateDistrict": "",
  "State": "",
  "CountryRegion": "",
  "Country": "",
  "WorldRegion": ""
}