{
  "city": "Lawrence",
  "region": "",
  "lat": 28.0867,
  "long": -82.4452,
  "country_code": "us"
}