{
  "city": "Rome",
  "region": "",
  "lat": 41.89193,
  "long": 12.51133,
  "country_code": "it"
}